     kworker/0:4-423     [000] ....    40.640000: mmc_request_start: mmc1: start struct mmc_request[7d08e27d]: cmd_opcode=52 cmd_arg=0x402600 cmd_flags=0x195 cmd_retries=0 stop_opcode=0 stop_arg=0x0 stop_flags=0x0 stop_retries=0 sbc_opcode=0 sbc_arg=0x0 sbc_flags=0x0 sbc_retires=0 blocks=0 block_size=0 blk_addr=0 data_flags=0x0 tag=0 can_retune=0 doing_retune=0 retune_now=0 need_retune=0 hold_retune=1 retune_period=0
     kworker/0:4-423     [000] ..s.    40.640019: mmc_request_done: mmc1: end struct mmc_request[7d08e27d]: cmd_opcode=52 cmd_err=0 cmd_resp=0x1008 0x0 0x0 0x0 cmd_retries=0 stop_opcode=0 stop_err=0 stop_resp=0x0 0x0 0x0 0x0 stop_retries=0 sbc_opcode=0 sbc_err=0 sbc_resp=0x0 0x0 0x0 0x0 sbc_retries=0 bytes_xfered=0 data_err=0 tag=0 can_retune=0 doing_retune=0 retune_now=0 need_retune=0 hold_retune=1 retune_period=0
     kworker/0:4-423     [000] ....    40.640052: mmc_request_start: mmc1: start struct mmc_request[7d08e27d]: cmd_opcode=52 cmd_arg=0x402800 cmd_flags=0x195 cmd_retries=0 stop_opcode=0 stop_arg=0x0 stop_flags=0x0 stop_retries=0 sbc_opcode=0 sbc_arg=0x0 sbc_flags=0x0 sbc_retires=0 blocks=0 block_size=0 blk_addr=0 data_flags=0x0 tag=0 can_retune=0 doing_retune=0 retune_now=0 need_retune=0 hold_retune=1 retune_period=0
          <idle>-0       [000] ..s.    40.640075: mmc_request_done: mmc1: end struct mmc_request[7d08e27d]: cmd_opcode=52 cmd_err=0 cmd_resp=0x10f0 0x0 0x0 0x0 cmd_retries=0 stop_opcode=0 stop_err=0 stop_resp=0x0 0x0 0x0 0x0 stop_retries=0 sbc_opcode=0 sbc_err=0 sbc_resp=0x0 0x0 0x0 0x0 sbc_retries=0 bytes_xfered=0 data_err=0 tag=0 can_retune=0 doing_retune=0 retune_now=0 need_retune=0 hold_retune=1 retune_period=0
     kworker/0:4-423     [000] ....    40.640088: mmc_request_start: mmc1: start struct mmc_request[7d08e27d]: cmd_opcode=52 cmd_arg=0x402a00 cmd_flags=0x195 cmd_retries=0 stop_opcode=0 stop_arg=0x0 stop_flags=0x0 stop_retries=0 sbc_opcode=0 sbc_arg=0x0 sbc_flags=0x0 sbc_retires=0 blocks=0 block_size=0 blk_addr=0 data_flags=0x0 tag=0 can_retune=0 doing_retune=0 retune_now=0 need_retune=0 hold_retune=1 retune_period=0
          <idle>-0       [000] ..s.    40.640111: mmc_request_done: mmc1: end struct mmc_request[7d08e27d]: cmd_opcode=52 cmd_err=0 cmd_resp=0x10ff 0x0 0x0 0x0 cmd_retries=0 stop_opcode=0 stop_err=0 stop_resp=0x0 0x0 0x0 0x0 stop_retries=0 sbc_opcode=0 sbc_err=0 sbc_resp=0x0 0x0 0x0 0x0 sbc_retries=0 bytes_xfered=0 data_err=0 tag=0 can_retune=0 doing_retune=0 retune_now=0 need_retune=0 hold_retune=1 retune_period=0
     kworker/0:4-423     [000] ....    40.640124: mmc_request_start: mmc1: start struct mmc_request[7d08e27d]: cmd_opcode=52 cmd_arg=0x402c00 cmd_flags=0x195 cmd_retries=0 stop_opcode=0 stop_arg=0x0 stop_flags=0x0 stop_retries=0 sbc_opcode=0 sbc_arg=0x0 sbc_flags=0x0 sbc_retires=0 blocks=0 block_size=0 blk_addr=0 data_flags=0x0 tag=0 can_retune=0 doing_retune=0 retune_now=0 need_retune=0 hold_retune=1 retune_period=0
          <idle>-0       [000] ..s.    40.640146: mmc_request_done: mmc1: end struct mmc_request[7d08e27d]: cmd_opcode=52 cmd_err=0 cmd_resp=0x10ff 0x0 0x0 0x0 cmd_retries=0 stop_opcode=0 stop_err=0 stop_resp=0x0 0x0 0x0 0x0 stop_retries=0 sbc_opcode=0 sbc_err=0 sbc_resp=0x0 0x0 0x0 0x0 sbc_retries=0 bytes_xfered=0 data_err=0 tag=0 can_retune=0 doing_retune=0 retune_now=0 need_retune=0 hold_retune=1 retune_period=0
     kworker/0:4-423     [000] ....    40.640159: mmc_request_start: mmc1: start struct mmc_request[7d08e27d]: cmd_opcode=52 cmd_arg=0x402e00 cmd_flags=0x195 cmd_retries=0 stop_opcode=0 stop_arg=0x0 stop_flags=0x0 stop_retries=0 sbc_opcode=0 sbc_arg=0x0 sbc_flags=0x0 sbc_retires=0 blocks=0 block_size=0 blk_addr=0 data_flags=0x0 tag=0 can_retune=0 doing_retune=0 retune_now=0 need_retune=0 hold_retune=1 retune_period=0
          <idle>-0       [000] ..s.    40.640181: mmc_request_done: mmc1: end struct mmc_request[7d08e27d]: cmd_opcode=52 cmd_err=0 cmd_resp=0x1000 0x0 0x0 0x0 cmd_retries=0 stop_opcode=0 stop_err=0 stop_resp=0x0 0x0 0x0 0x0 stop_retries=0 sbc_opcode=0 sbc_err=0 sbc_resp=0x0 0x0 0x0 0x0 sbc_retries=0 bytes_xfered=0 data_err=0 tag=0 can_retune=0 doing_retune=0 retune_now=0 need_retune=0 hold_retune=1 retune_period=0
     kworker/0:4-423     [000] ....    40.640193: mmc_request_start: mmc1: start struct mmc_request[7d08e27d]: cmd_opcode=52 cmd_arg=0x403000 cmd_flags=0x195 cmd_retries=0 stop_opcode=0 stop_arg=0x0 stop_flags=0x0 stop_retries=0 sbc_opcode=0 sbc_arg=0x0 sbc_flags=0x0 sbc_retires=0 blocks=0 block_size=0 blk_addr=0 data_flags=0x0 tag=0 can_retune=0 doing_retune=0 retune_now=0 need_retune=0 hold_retune=1 retune_period=0
          <idle>-0       [000] ..s.    40.640215: mmc_request_done: mmc1: end struct mmc_request[7d08e27d]: cmd_opcode=52 cmd_err=0 cmd_resp=0x1000 0x0 0x0 0x0 cmd_retries=0 stop_opcode=0 stop_err=0 stop_resp=0x0 0x0 0x0 0x0 stop_retries=0 sbc_opcode=0 sbc_err=0 sbc_resp=0x0 0x0 0x0 0x0 sbc_retries=0 bytes_xfered=0 data_err=0 tag=0 can_retune=0 doing_retune=0 retune_now=0 need_retune=0 hold_retune=1 retune_period=0
     kworker/0:4-423     [000] ....    40.640228: mmc_request_start: mmc1: start struct mmc_request[7d08e27d]: cmd_opcode=52 cmd_arg=0x403200 cmd_flags=0x195 cmd_retries=0 stop_opcode=0 stop_arg=0x0 stop_flags=0x0 stop_retries=0 sbc_opcode=0 sbc_arg=0x0 sbc_flags=0x0 sbc_retires=0 blocks=0 block_size=0 blk_addr=0 data_flags=0x0 tag=0 can_retune=0 doing_retune=0 retune_now=0 need_retune=0 hold_retune=1 retune_period=0
          <idle>-0       [000] ..s.    40.640250: mmc_request_done: mmc1: end struct mmc_request[7d08e27d]: cmd_opcode=52 cmd_err=0 cmd_resp=0x1000 0x0 0x0 0x0 cmd_retries=0 stop_opcode=0 stop_err=0 stop_resp=0x0 0x0 0x0 0x0 stop_retries=0 sbc_opcode=0 sbc_err=0 sbc_resp=0x0 0x0 0x0 0x0 sbc_retries=0 bytes_xfered=0 data_err=0 tag=0 can_retune=0 doing_retune=0 retune_now=0 need_retune=0 hold_retune=1 retune_period=0
     kworker/0:4-423     [000] ....    40.640262: mmc_request_start: mmc1: start struct mmc_request[7d08e27d]: cmd_opcode=52 cmd_arg=0x403400 cmd_flags=0x195 cmd_retries=0 stop_opcode=0 stop_arg=0x0 stop_flags=0x0 stop_retries=0 sbc_opcode=0 sbc_arg=0x0 sbc_flags=0x0 sbc_retires=0 blocks=0 block_size=0 blk_addr=0 data_flags=0x0 tag=0 can_retune=0 doing_retune=0 retune_now=0 need_retune=0 hold_retune=1 retune_period=0
          <idle>-0       [000] ..s.    40.640284: mmc_request_done: mmc1: end struct mmc_request[7d08e27d]: cmd_opcode=52 cmd_err=0 cmd_resp=0x1000 0x0 0x0 0x0 cmd_retries=0 stop_opcode=0 stop_err=0 stop_resp=0x0 0x0 0x0 0x0 stop_retries=0 sbc_opcode=0 sbc_err=0 sbc_resp=0x0 0x0 0x0 0x0 sbc_retries=0 bytes_xfered=0 data_err=0 tag=0 can_retune=0 doing_retune=0 retune_now=0 need_retune=0 hold_retune=1 retune_period=0
     kworker/0:4-423     [000] ....    40.640297: mmc_request_start: mmc1: start struct mmc_request[7d08e27d]: cmd_opcode=52 cmd_arg=0x403600 cmd_flags=0x195 cmd_retries=0 stop_opcode=0 stop_arg=0x0 stop_flags=0x0 stop_retries=0 sbc_opcode=0 sbc_arg=0x0 sbc_flags=0x0 sbc_retires=0 blocks=0 block_size=0 blk_addr=0 data_flags=0x0 tag=0 can_retune=0 doing_retune=0 retune_now=0 need_retune=0 hold_retune=1 retune_period=0
          <idle>-0       [000] ..s.    40.640319: mmc_request_done: mmc1: end struct mmc_request[7d08e27d]: cmd_opcode=52 cmd_err=0 cmd_resp=0x1000 0x0 0x0 0x0 cmd_retries=0 stop_opcode=0 stop_err=0 stop_resp=0x0 0x0 0x0 0x0 stop_retries=0 sbc_opcode=0 sbc_err=0 sbc_resp=0x0 0x0 0x0 0x0 sbc_retries=0 bytes_xfered=0 data_err=0 tag=0 can_retune=0 doing_retune=0 retune_now=0 need_retune=0 hold_retune=1 retune_period=0
     kworker/0:4-423     [000] ....    40.640517: mmc_request_start: mmc1: start struct mmc_request[7d08e27d]: cmd_opcode=52 cmd_arg=0x403800 cmd_flags=0x195 cmd_retries=0 stop_opcode=0 stop_arg=0x0 stop_flags=0x0 stop_retries=0 sbc_opcode=0 sbc_arg=0x0 sbc_flags=0x0 sbc_retires=0 blocks=0 block_size=0 blk_addr=0 data_flags=0x0 tag=0 can_retune=0 doing_retune=0 retune_now=0 need_retune=0 hold_retune=1 retune_period=0
     kworker/0:4-423     [000] ..s.    40.640536: mmc_request_done: mmc1: end struct mmc_request[7d08e27d]: cmd_opcode=52 cmd_err=0 cmd_resp=0x1000 0x0 0x0 0x0 cmd_retries=0 stop_opcode=0 stop_err=0 stop_resp=0x0 0x0 0x0 0x0 stop_retries=0 sbc_opcode=0 sbc_err=0 sbc_resp=0x0 0x0 0x0 0x0 sbc_retries=0 bytes_xfered=0 data_err=0 tag=0 can_retune=0 doing_retune=0 retune_now=0 need_retune=0 hold_retune=1 retune_period=0
     kworker/0:4-423     [000] ....    40.640672: mmc_request_start: mmc1: start struct mmc_request[7d08e27d]: cmd_opcode=52 cmd_arg=0x403a00 cmd_flags=0x195 cmd_retries=0 stop_opcode=0 stop_arg=0x0 stop_flags=0x0 stop_retries=0 sbc_opcode=0 sbc_arg=0x0 sbc_flags=0x0 sbc_retires=0 blocks=0 block_size=0 blk_addr=0 data_flags=0x0 tag=0 can_retune=0 doing_retune=0 retune_now=0 need_retune=0 hold_retune=1 retune_period=0
          <idle>-0       [000] .ns.    40.640701: mmc_request_done: mmc1: end struct mmc_request[7d08e27d]: cmd_opcode=52 cmd_err=0 cmd_resp=0x1000 0x0 0x0 0x0 cmd_retries=0 stop_opcode=0 stop_err=0 stop_resp=0x0 0x0 0x0 0x0 stop_retries=0 sbc_opcode=0 sbc_err=0 sbc_resp=0x0 0x0 0x0 0x0 sbc_retries=0 bytes_xfered=0 data_err=0 tag=0 can_retune=0 doing_retune=0 retune_now=0 need_retune=0 hold_retune=1 retune_period=0
     kworker/0:4-423     [000] ....    40.640740: mmc_request_start: mmc1: start struct mmc_request[7d08e27d]: cmd_opcode=52 cmd_arg=0x403c00 cmd_flags=0x195 cmd_retries=0 stop_opcode=0 stop_arg=0x0 stop_flags=0x0 stop_retries=0 sbc_opcode=0 sbc_arg=0x0 sbc_flags=0x0 sbc_retires=0 blocks=0 block_size=0 blk_addr=0 data_flags=0x0 tag=0 can_retune=0 doing_retune=0 retune_now=0 need_retune=0 hold_retune=1 retune_period=0
          <idle>-0       [000] ..s.    40.640764: mmc_request_done: mmc1: end struct mmc_request[7d08e27d]: cmd_opcode=52 cmd_err=0 cmd_resp=0x1000 0x0 0x0 0x0 cmd_retries=0 stop_opcode=0 stop_err=0 stop_resp=0x0 0x0 0x0 0x0 stop_retries=0 sbc_opcode=0 sbc_err=0 sbc_resp=0x0 0x0 0x0 0x0 sbc_retries=0 bytes_xfered=0 data_err=0 tag=0 can_retune=0 doing_retune=0 retune_now=0 need_retune=0 hold_retune=1 retune_period=0
     kworker/0:4-423     [000] ....    40.640777: mmc_request_start: mmc1: start struct mmc_request[7d08e27d]: cmd_opcode=52 cmd_arg=0x403e00 cmd_flags=0x195 cmd_retries=0 stop_opcode=0 stop_arg=0x0 stop_flags=0x0 stop_retries=0 sbc_opcode=0 sbc_arg=0x0 sbc_flags=0x0 sbc_retires=0 blocks=0 block_size=0 blk_addr=0 data_flags=0x0 tag=0 can_retune=0 doing_retune=0 retune_now=0 need_retune=0 hold_retune=1 retune_period=0
     kworker/0:4-423     [000] ..s.    40.640795: mmc_request_done: mmc1: end struct mmc_request[7d08e27d]: cmd_opcode=52 cmd_err=0 cmd_resp=0x1000 0x0 0x0 0x0 cmd_retries=0 stop_opcode=0 stop_err=0 stop_resp=0x0 0x0 0x0 0x0 stop_retries=0 sbc_opcode=0 sbc_err=0 sbc_resp=0x0 0x0 0x0 0x0 sbc_retries=0 bytes_xfered=0 data_err=0 tag=0 can_retune=0 doing_retune=0 retune_now=0 need_retune=0 hold_retune=1 retune_period=0
     kworker/0:4-423     [000] ....    40.640842: mmc_request_start: mmc1: start struct mmc_request[7d08e27d]: cmd_opcode=52 cmd_arg=0x404000 cmd_flags=0x195 cmd_retries=0 stop_opcode=0 stop_arg=0x0 stop_flags=0x0 stop_retries=0 sbc_opcode=0 sbc_arg=0x0 sbc_flags=0x0 sbc_retires=0 blocks=0 block_size=0 blk_addr=0 data_flags=0x0 tag=0 can_retune=0 doing_retune=0 retune_now=0 need_retune=0 hold_retune=1 retune_period=0
     kworker/0:4-423     [000] ..s.    40.640876: mmc_request_done: mmc1: end struct mmc_request[7d08e27d]: cmd_opcode=52 cmd_err=0 cmd_resp=0x1000 0x0 0x0 0x0 cmd_retries=0 stop_opcode=0 stop_err=0 stop_resp=0x0 0x0 0x0 0x0 stop_retries=0 sbc_opcode=0 sbc_err=0 sbc_resp=0x0 0x0 0x0 0x0 sbc_retries=0 bytes_xfered=0 data_err=0 tag=0 can_retune=0 doing_retune=0 retune_now=0 need_retune=0 hold_retune=1 retune_period=0
     kworker/0:4-423     [000] ....    40.640968: mmc_request_start: mmc1: start struct mmc_request[7d08e27d]: cmd_opcode=52 cmd_arg=0x404200 cmd_flags=0x195 cmd_retries=0 stop_opcode=0 stop_arg=0x0 stop_flags=0x0 stop_retries=0 sbc_opcode=0 sbc_arg=0x0 sbc_flags=0x0 sbc_retires=0 blocks=0 block_size=0 blk_addr=0 data_flags=0x0 tag=0 can_retune=0 doing_retune=0 retune_now=0 need_retune=0 hold_retune=1 retune_period=0
    kworker/u8:3-402     [000] ..s.    40.640992: mmc_request_done: mmc1: end struct mmc_request[7d08e27d]: cmd_opcode=52 cmd_err=0 cmd_resp=0x1000 0x0 0x0 0x0 cmd_retries=0 stop_opcode=0 stop_err=0 stop_resp=0x0 0x0 0x0 0x0 stop_retries=0 sbc_opcode=0 sbc_err=0 sbc_resp=0x0 0x0 0x0 0x0 sbc_retries=0 bytes_xfered=0 data_err=0 tag=0 can_retune=0 doing_retune=0 retune_now=0 need_retune=0 hold_retune=1 retune_period=0
     kworker/0:4-423     [000] ....    40.641016: mmc_request_start: mmc1: start struct mmc_request[7d08e27d]: cmd_opcode=52 cmd_arg=0x404400 cmd_flags=0x195 cmd_retries=0 stop_opcode=0 stop_arg=0x0 stop_flags=0x0 stop_retries=0 sbc_opcode=0 sbc_arg=0x0 sbc_flags=0x0 sbc_retires=0 blocks=0 block_size=0 blk_addr=0 data_flags=0x0 tag=0 can_retune=0 doing_retune=0 retune_now=0 need_retune=0 hold_retune=1 retune_period=0
    kworker/u8:3-402     [000] ..s.    40.641040: mmc_request_done: mmc1: end struct mmc_request[7d08e27d]: cmd_opcode=52 cmd_err=0 cmd_resp=0x1000 0x0 0x0 0x0 cmd_retries=0 stop_opcode=0 stop_err=0 stop_resp=0x0 0x0 0x0 0x0 stop_retries=0 sbc_opcode=0 sbc_err=0 sbc_resp=0x0 0x0 0x0 0x0 sbc_retries=0 bytes_xfered=0 data_err=0 tag=0 can_retune=0 doing_retune=0 retune_now=0 need_retune=0 hold_retune=1 retune_period=0
     kworker/0:4-423     [000] ....    40.641059: mmc_request_start: mmc1: start struct mmc_request[7d08e27d]: cmd_opcode=52 cmd_arg=0x404600 cmd_flags=0x195 cmd_retries=0 stop_opcode=0 stop_arg=0x0 stop_flags=0x0 stop_retries=0 sbc_opcode=0 sbc_arg=0x0 sbc_flags=0x0 sbc_retires=0 blocks=0 block_size=0 blk_addr=0 data_flags=0x0 tag=0 can_retune=0 doing_retune=0 retune_now=0 need_retune=0 hold_retune=1 retune_period=0
          <idle>-0       [000] ..s.    40.641081: mmc_request_done: mmc1: end struct mmc_request[7d08e27d]: cmd_opcode=52 cmd_err=0 cmd_resp=0x1000 0x0 0x0 0x0 cmd_retries=0 stop_opcode=0 stop_err=0 stop_resp=0x0 0x0 0x0 0x0 stop_retries=0 sbc_opcode=0 sbc_err=0 sbc_resp=0x0 0x0 0x0 0x0 sbc_retries=0 bytes_xfered=0 data_err=0 tag=0 can_retune=0 doing_retune=0 retune_now=0 need_retune=0 hold_retune=1 retune_period=0
     kworker/0:4-423     [000] ....    40.641094: mmc_request_start: mmc1: start struct mmc_request[7d08e27d]: cmd_opcode=52 cmd_arg=0x404800 cmd_flags=0x195 cmd_retries=0 stop_opcode=0 stop_arg=0x0 stop_flags=0x0 stop_retries=0 sbc_opcode=0 sbc_arg=0x0 sbc_flags=0x0 sbc_retires=0 blocks=0 block_size=0 blk_addr=0 data_flags=0x0 tag=0 can_retune=0 doing_retune=0 retune_now=0 need_retune=0 hold_retune=1 retune_period=0
          <idle>-0       [000] ..s.    40.641117: mmc_request_done: mmc1: end struct mmc_request[7d08e27d]: cmd_opcode=52 cmd_err=0 cmd_resp=0x1000 0x0 0x0 0x0 cmd_retries=0 stop_opcode=0 stop_err=0 stop_resp=0x0 0x0 0x0 0x0 stop_retries=0 sbc_opcode=0 sbc_err=0 sbc_resp=0x0 0x0 0x0 0x0 sbc_retries=0 bytes_xfered=0 data_err=0 tag=0 can_retune=0 doing_retune=0 retune_now=0 need_retune=0 hold_retune=1 retune_period=0
     kworker/0:4-423     [000] ....    40.641154: mmc_request_start: mmc1: start struct mmc_request[7d08e27d]: cmd_opcode=52 cmd_arg=0x404a00 cmd_flags=0x195 cmd_retries=0 stop_opcode=0 stop_arg=0x0 stop_flags=0x0 stop_retries=0 sbc_opcode=0 sbc_arg=0x0 sbc_flags=0x0 sbc_retires=0 blocks=0 block_size=0 blk_addr=0 data_flags=0x0 tag=0 can_retune=0 doing_retune=0 retune_now=0 need_retune=0 hold_retune=1 retune_period=0
          <idle>-0       [000] ..s.    40.641177: mmc_request_done: mmc1: end struct mmc_request[7d08e27d]: cmd_opcode=52 cmd_err=0 cmd_resp=0x1000 0x0 0x0 0x0 cmd_retries=0 stop_opcode=0 stop_err=0 stop_resp=0x0 0x0 0x0 0x0 stop_retries=0 sbc_opcode=0 sbc_err=0 sbc_resp=0x0 0x0 0x0 0x0 sbc_retries=0 bytes_xfered=0 data_err=0 tag=0 can_retune=0 doing_retune=0 retune_now=0 need_retune=0 hold_retune=1 retune_period=0
     kworker/0:4-423     [000] ....    40.641190: mmc_request_start: mmc1: start struct mmc_request[7d08e27d]: cmd_opcode=52 cmd_arg=0x404c00 cmd_flags=0x195 cmd_retries=0 stop_opcode=0 stop_arg=0x0 stop_flags=0x0 stop_retries=0 sbc_opcode=0 sbc_arg=0x0 sbc_flags=0x0 sbc_retires=0 blocks=0 block_size=0 blk_addr=0 data_flags=0x0 tag=0 can_retune=0 doing_retune=0 retune_now=0 need_retune=0 hold_retune=1 retune_period=0
          <idle>-0       [000] ..s.    40.641213: mmc_request_done: mmc1: end struct mmc_request[7d08e27d]: cmd_opcode=52 cmd_err=0 cmd_resp=0x1000 0x0 0x0 0x0 cmd_retries=0 stop_opcode=0 stop_err=0 stop_resp=0x0 0x0 0x0 0x0 stop_retries=0 sbc_opcode=0 sbc_err=0 sbc_resp=0x0 0x0 0x0 0x0 sbc_retries=0 bytes_xfered=0 data_err=0 tag=0 can_retune=0 doing_retune=0 retune_now=0 need_retune=0 hold_retune=1 retune_period=0
     kworker/0:4-423     [000] ....    40.641262: mmc_request_start: mmc1: start struct mmc_request[7d08e27d]: cmd_opcode=52 cmd_arg=0x404e00 cmd_flags=0x195 cmd_retries=0 stop_opcode=0 stop_arg=0x0 stop_flags=0x0 stop_retries=0 sbc_opcode=0 sbc_arg=0x0 sbc_flags=0x0 sbc_retires=0 blocks=0 block_size=0 blk_addr=0 data_flags=0x0 tag=0 can_retune=0 doing_retune=0 retune_now=0 need_retune=0 hold_retune=1 retune_period=0
     kworker/0:4-423     [000] ..s.    40.641288: mmc_request_done: mmc1: end struct mmc_request[7d08e27d]: cmd_opcode=52 cmd_err=0 cmd_resp=0x1000 0x0 0x0 0x0 cmd_retries=0 stop_opcode=0 stop_err=0 stop_resp=0x0 0x0 0x0 0x0 stop_retries=0 sbc_opcode=0 sbc_err=0 sbc_resp=0x0 0x0 0x0 0x0 sbc_retries=0 bytes_xfered=0 data_err=0 tag=0 can_retune=0 doing_retune=0 retune_now=0 need_retune=0 hold_retune=1 retune_period=0
     kworker/0:4-423     [000] ....    40.641341: mmc_request_start: mmc1: start struct mmc_request[7d08e27d]: cmd_opcode=52 cmd_arg=0x405000 cmd_flags=0x195 cmd_retries=0 stop_opcode=0 stop_arg=0x0 stop_flags=0x0 stop_retries=0 sbc_opcode=0 sbc_arg=0x0 sbc_flags=0x0 sbc_retires=0 blocks=0 block_size=0 blk_addr=0 data_flags=0x0 tag=0 can_retune=0 doing_retune=0 retune_now=0 need_retune=0 hold_retune=1 retune_period=0
     kworker/0:4-423     [000] ..s.    40.641375: mmc_request_done: mmc1: end struct mmc_request[7d08e27d]: cmd_opcode=52 cmd_err=0 cmd_resp=0x1000 0x0 0x0 0x0 cmd_retries=0 stop_opcode=0 stop_err=0 stop_resp=0x0 0x0 0x0 0x0 stop_retries=0 sbc_opcode=0 sbc_err=0 sbc_resp=0x0 0x0 0x0 0x0 sbc_retries=0 bytes_xfered=0 data_err=0 tag=0 can_retune=0 doing_retune=0 retune_now=0 need_retune=0 hold_retune=1 retune_period=0
     kworker/0:4-423     [000] ....    40.641428: mmc_request_start: mmc1: start struct mmc_request[7d08e27d]: cmd_opcode=52 cmd_arg=0x405200 cmd_flags=0x195 cmd_retries=0 stop_opcode=0 stop_arg=0x0 stop_flags=0x0 stop_retries=0 sbc_opcode=0 sbc_arg=0x0 sbc_flags=0x0 sbc_retires=0 blocks=0 block_size=0 blk_addr=0 data_flags=0x0 tag=0 can_retune=0 doing_retune=0 retune_now=0 need_retune=0 hold_retune=1 retune_period=0
    kworker/u8:3-402     [000] ..s.    40.641451: mmc_request_done: mmc1: end struct mmc_request[7d08e27d]: cmd_opcode=52 cmd_err=0 cmd_resp=0x1000 0x0 0x0 0x0 cmd_retries=0 stop_opcode=0 stop_err=0 stop_resp=0x0 0x0 0x0 0x0 stop_retries=0 sbc_opcode=0 sbc_err=0 sbc_resp=0x0 0x0 0x0 0x0 sbc_retries=0 bytes_xfered=0 data_err=0 tag=0 can_retune=0 doing_retune=0 retune_now=0 need_retune=0 hold_retune=1 retune_period=0
     kworker/0:4-423     [000] ....    40.641475: mmc_request_start: mmc1: start struct mmc_request[7d08e27d]: cmd_opcode=52 cmd_arg=0x405400 cmd_flags=0x195 cmd_retries=0 stop_opcode=0 stop_arg=0x0 stop_flags=0x0 stop_retries=0 sbc_opcode=0 sbc_arg=0x0 sbc_flags=0x0 sbc_retires=0 blocks=0 block_size=0 blk_addr=0 data_flags=0x0 tag=0 can_retune=0 doing_retune=0 retune_now=0 need_retune=0 hold_retune=1 retune_period=0
    kworker/u8:3-402     [000] ..s.    40.641499: mmc_request_done: mmc1: end struct mmc_request[7d08e27d]: cmd_opcode=52 cmd_err=0 cmd_resp=0x1000 0x0 0x0 0x0 cmd_retries=0 stop_opcode=0 stop_err=0 stop_resp=0x0 0x0 0x0 0x0 stop_retries=0 sbc_opcode=0 sbc_err=0 sbc_resp=0x0 0x0 0x0 0x0 sbc_retries=0 bytes_xfered=0 data_err=0 tag=0 can_retune=0 doing_retune=0 retune_now=0 need_retune=0 hold_retune=1 retune_period=0
     kworker/0:4-423     [000] ....    40.641530: mmc_request_start: mmc1: start struct mmc_request[7d08e27d]: cmd_opcode=52 cmd_arg=0x405600 cmd_flags=0x195 cmd_retries=0 stop_opcode=0 stop_arg=0x0 stop_flags=0x0 stop_retries=0 sbc_opcode=0 sbc_arg=0x0 sbc_flags=0x0 sbc_retires=0 blocks=0 block_size=0 blk_addr=0 data_flags=0x0 tag=0 can_retune=0 doing_retune=0 retune_now=0 need_retune=0 hold_retune=1 retune_period=0
          <idle>-0       [000] ..s.    40.641555: mmc_request_done: mmc1: end struct mmc_request[7d08e27d]: cmd_opcode=52 cmd_err=0 cmd_resp=0x1000 0x0 0x0 0x0 cmd_retries=0 stop_opcode=0 stop_err=0 stop_resp=0x0 0x0 0x0 0x0 stop_retries=0 sbc_opcode=0 sbc_err=0 sbc_resp=0x0 0x0 0x0 0x0 sbc_retries=0 bytes_xfered=0 data_err=0 tag=0 can_retune=0 doing_retune=0 retune_now=0 need_retune=0 hold_retune=1 retune_period=0
     kworker/0:4-423     [000] ....    40.641568: mmc_request_start: mmc1: start struct mmc_request[7d08e27d]: cmd_opcode=52 cmd_arg=0x405800 cmd_flags=0x195 cmd_retries=0 stop_opcode=0 stop_arg=0x0 stop_flags=0x0 stop_retries=0 sbc_opcode=0 sbc_arg=0x0 sbc_flags=0x0 sbc_retires=0 blocks=0 block_size=0 blk_addr=0 data_flags=0x0 tag=0 can_retune=0 doing_retune=0 retune_now=0 need_retune=0 hold_retune=1 retune_period=0
          <idle>-0       [000] ..s.    40.641648: mmc_request_done: mmc1: end struct mmc_request[7d08e27d]: cmd_opcode=52 cmd_err=0 cmd_resp=0x1000 0x0 0x0 0x0 cmd_retries=0 stop_opcode=0 stop_err=0 stop_resp=0x0 0x0 0x0 0x0 stop_retries=0 sbc_opcode=0 sbc_err=0 sbc_resp=0x0 0x0 0x0 0x0 sbc_retries=0 bytes_xfered=0 data_err=0 tag=0 can_retune=0 doing_retune=0 retune_now=0 need_retune=0 hold_retune=1 retune_period=0
     kworker/0:4-423     [000] ....    40.641869: mmc_request_start: mmc1: start struct mmc_request[7d08e27d]: cmd_opcode=52 cmd_arg=0x405a00 cmd_flags=0x195 cmd_retries=0 stop_opcode=0 stop_arg=0x0 stop_flags=0x0 stop_retries=0 sbc_opcode=0 sbc_arg=0x0 sbc_flags=0x0 sbc_retires=0 blocks=0 block_size=0 blk_addr=0 data_flags=0x0 tag=0 can_retune=0 doing_retune=0 retune_now=0 need_retune=0 hold_retune=1 retune_period=0
     kworker/0:4-423     [000] ..s.    40.641889: mmc_request_done: mmc1: end struct mmc_request[7d08e27d]: cmd_opcode=52 cmd_err=0 cmd_resp=0x1000 0x0 0x0 0x0 cmd_retries=0 stop_opcode=0 stop_err=0 stop_resp=0x0 0x0 0x0 0x0 stop_retries=0 sbc_opcode=0 sbc_err=0 sbc_resp=0x0 0x0 0x0 0x0 sbc_retries=0 bytes_xfered=0 data_err=0 tag=0 can_retune=0 doing_retune=0 retune_now=0 need_retune=0 hold_retune=1 retune_period=0
     kworker/0:4-423     [000] ....    40.641925: mmc_request_start: mmc1: start struct mmc_request[7d08e27d]: cmd_opcode=52 cmd_arg=0x405c00 cmd_flags=0x195 cmd_retries=0 stop_opcode=0 stop_arg=0x0 stop_flags=0x0 stop_retries=0 sbc_opcode=0 sbc_arg=0x0 sbc_flags=0x0 sbc_retires=0 blocks=0 block_size=0 blk_addr=0 data_flags=0x0 tag=0 can_retune=0 doing_retune=0 retune_now=0 need_retune=0 hold_retune=1 retune_period=0
          <idle>-0       [000] ..s.    40.641990: mmc_request_done: mmc1: end struct mmc_request[7d08e27d]: cmd_opcode=52 cmd_err=0 cmd_resp=0x1000 0x0 0x0 0x0 cmd_retries=0 stop_opcode=0 stop_err=0 stop_resp=0x0 0x0 0x0 0x0 stop_retries=0 sbc_opcode=0 sbc_err=0 sbc_resp=0x0 0x0 0x0 0x0 sbc_retries=0 bytes_xfered=0 data_err=0 tag=0 can_retune=0 doing_retune=0 retune_now=0 need_retune=0 hold_retune=1 retune_period=0
     kworker/0:4-423     [000] ....    40.642123: mmc_request_start: mmc1: start struct mmc_request[7d08e27d]: cmd_opcode=52 cmd_arg=0x405e00 cmd_flags=0x195 cmd_retries=0 stop_opcode=0 stop_arg=0x0 stop_flags=0x0 stop_retries=0 sbc_opcode=0 sbc_arg=0x0 sbc_flags=0x0 sbc_retires=0 blocks=0 block_size=0 blk_addr=0 data_flags=0x0 tag=0 can_retune=0 doing_retune=0 retune_now=0 need_retune=0 hold_retune=1 retune_period=0
          <idle>-0       [000] ..s.    40.642147: mmc_request_done: mmc1: end struct mmc_request[7d08e27d]: cmd_opcode=52 cmd_err=0 cmd_resp=0x1000 0x0 0x0 0x0 cmd_retries=0 stop_opcode=0 stop_err=0 stop_resp=0x0 0x0 0x0 0x0 stop_retries=0 sbc_opcode=0 sbc_err=0 sbc_resp=0x0 0x0 0x0 0x0 sbc_retries=0 bytes_xfered=0 data_err=0 tag=0 can_retune=0 doing_retune=0 retune_now=0 need_retune=0 hold_retune=1 retune_period=0
     kworker/0:4-423     [000] ....    40.642165: mmc_request_start: mmc1: start struct mmc_request[7d08e27d]: cmd_opcode=52 cmd_arg=0x406000 cmd_flags=0x195 cmd_retries=0 stop_opcode=0 stop_arg=0x0 stop_flags=0x0 stop_retries=0 sbc_opcode=0 sbc_arg=0x0 sbc_flags=0x0 sbc_retires=0 blocks=0 block_size=0 blk_addr=0 data_flags=0x0 tag=0 can_retune=0 doing_retune=0 retune_now=0 need_retune=0 hold_retune=1 retune_period=0
          <idle>-0       [000] ..s.    40.642209: mmc_request_done: mmc1: end struct mmc_request[7d08e27d]: cmd_opcode=52 cmd_err=0 cmd_resp=0x10ff 0x0 0x0 0x0 cmd_retries=0 stop_opcode=0 stop_err=0 stop_resp=0x0 0x0 0x0 0x0 stop_retries=0 sbc_opcode=0 sbc_err=0 sbc_resp=0x0 0x0 0x0 0x0 sbc_retries=0 bytes_xfered=0 data_err=0 tag=0 can_retune=0 doing_retune=0 retune_now=0 need_retune=0 hold_retune=1 retune_period=0
     kworker/0:4-423     [000] ....    40.649602: mmc_request_start: mmc1: start struct mmc_request[cd8a16ef]: cmd_opcode=52 cmd_arg=0x80022000 cmd_flags=0x195 cmd_retries=0 stop_opcode=0 stop_arg=0x0 stop_flags=0x0 stop_retries=0 sbc_opcode=0 sbc_arg=0x0 sbc_flags=0x0 sbc_retires=0 blocks=0 block_size=0 blk_addr=0 data_flags=0x0 tag=0 can_retune=0 doing_retune=0 retune_now=0 need_retune=0 hold_retune=1 retune_period=0
     kworker/0:4-423     [000] ..s.    40.649654: mmc_request_done: mmc1: end struct mmc_request[cd8a16ef]: cmd_opcode=52 cmd_err=0 cmd_resp=0x1000 0x0 0x0 0x0 cmd_retries=0 stop_opcode=0 stop_err=0 stop_resp=0x0 0x0 0x0 0x0 stop_retries=0 sbc_opcode=0 sbc_err=0 sbc_resp=0x0 0x0 0x0 0x0 sbc_retries=0 bytes_xfered=0 data_err=0 tag=0 can_retune=0 doing_retune=0 retune_now=0 need_retune=0 hold_retune=1 retune_period=0
     kworker/0:4-423     [000] ....    40.649672: mmc_request_start: mmc1: start struct mmc_request[cd8a16ef]: cmd_opcode=52 cmd_arg=0x80022202 cmd_flags=0x195 cmd_retries=0 stop_opcode=0 stop_arg=0x0 stop_flags=0x0 stop_retries=0 sbc_opcode=0 sbc_arg=0x0 sbc_flags=0x0 sbc_retires=0 blocks=0 block_size=0 blk_addr=0 data_flags=0x0 tag=0 can_retune=0 doing_retune=0 retune_now=0 need_retune=0 hold_retune=1 retune_period=0
     kworker/0:4-423     [000] ..s.    40.649693: mmc_request_done: mmc1: end struct mmc_request[cd8a16ef]: cmd_opcode=52 cmd_err=0 cmd_resp=0x1002 0x0 0x0 0x0 cmd_retries=0 stop_opcode=0 stop_err=0 stop_resp=0x0 0x0 0x0 0x0 stop_retries=0 sbc_opcode=0 sbc_err=0 sbc_resp=0x0 0x0 0x0 0x0 sbc_retries=0 bytes_xfered=0 data_err=0 tag=0 can_retune=0 doing_retune=0 retune_now=0 need_retune=0 hold_retune=1 retune_period=0
     kworker/0:4-423     [000] ....    40.649894: mmc_request_start: mmc1: start struct mmc_request[33ad0e0a]: cmd_opcode=52 cmd_arg=0x400 cmd_flags=0x195 cmd_retries=0 stop_opcode=0 stop_arg=0x0 stop_flags=0x0 stop_retries=0 sbc_opcode=0 sbc_arg=0x0 sbc_flags=0x0 sbc_retires=0 blocks=0 block_size=0 blk_addr=0 data_flags=0x0 tag=0 can_retune=0 doing_retune=0 retune_now=0 need_retune=0 hold_retune=1 retune_period=0
     kworker/0:4-423     [000] ..s.    40.649914: mmc_request_done: mmc1: end struct mmc_request[33ad0e0a]: cmd_opcode=52 cmd_err=0 cmd_resp=0x1000 0x0 0x0 0x0 cmd_retries=0 stop_opcode=0 stop_err=0 stop_resp=0x0 0x0 0x0 0x0 stop_retries=0 sbc_opcode=0 sbc_err=0 sbc_resp=0x0 0x0 0x0 0x0 sbc_retries=0 bytes_xfered=0 data_err=0 tag=0 can_retune=0 doing_retune=0 retune_now=0 need_retune=0 hold_retune=1 retune_period=0
     kworker/0:4-423     [000] ....    40.649925: mmc_request_start: mmc1: start struct mmc_request[33ad0e0a]: cmd_opcode=52 cmd_arg=0x80000402 cmd_flags=0x195 cmd_retries=0 stop_opcode=0 stop_arg=0x0 stop_flags=0x0 stop_retries=0 sbc_opcode=0 sbc_arg=0x0 sbc_flags=0x0 sbc_retires=0 blocks=0 block_size=0 blk_addr=0 data_flags=0x0 tag=0 can_retune=0 doing_retune=0 retune_now=0 need_retune=0 hold_retune=1 retune_period=0
          <idle>-0       [000] ..s.    40.649956: mmc_request_done: mmc1: end struct mmc_request[33ad0e0a]: cmd_opcode=52 cmd_err=0 cmd_resp=0x1002 0x0 0x0 0x0 cmd_retries=0 stop_opcode=0 stop_err=0 stop_resp=0x0 0x0 0x0 0x0 stop_retries=0 sbc_opcode=0 sbc_err=0 sbc_resp=0x0 0x0 0x0 0x0 sbc_retries=0 bytes_xfered=0 data_err=0 tag=0 can_retune=0 doing_retune=0 retune_now=0 need_retune=0 hold_retune=1 retune_period=0
     kworker/0:4-423     [000] ....    40.649972: mmc_request_start: mmc1: start struct mmc_request[33ad0e0a]: cmd_opcode=52 cmd_arg=0x600 cmd_flags=0x195 cmd_retries=0 stop_opcode=0 stop_arg=0x0 stop_flags=0x0 stop_retries=0 sbc_opcode=0 sbc_arg=0x0 sbc_flags=0x0 sbc_retires=0 blocks=0 block_size=0 blk_addr=0 data_flags=0x0 tag=0 can_retune=0 doing_retune=0 retune_now=0 need_retune=0 hold_retune=1 retune_period=0
          <idle>-0       [000] ..s.    40.649995: mmc_request_done: mmc1: end struct mmc_request[33ad0e0a]: cmd_opcode=52 cmd_err=0 cmd_resp=0x1002 0x0 0x0 0x0 cmd_retries=0 stop_opcode=0 stop_err=0 stop_resp=0x0 0x0 0x0 0x0 stop_retries=0 sbc_opcode=0 sbc_err=0 sbc_resp=0x0 0x0 0x0 0x0 sbc_retries=0 bytes_xfered=0 data_err=0 tag=0 can_retune=0 doing_retune=0 retune_now=0 need_retune=0 hold_retune=1 retune_period=0
     kworker/0:4-423     [000] ....    40.650009: mmc_request_start: mmc1: start struct mmc_request[78b2d4c7]: cmd_opcode=52 cmd_arg=0x80022040 cmd_flags=0x195 cmd_retries=0 stop_opcode=0 stop_arg=0x0 stop_flags=0x0 stop_retries=0 sbc_opcode=0 sbc_arg=0x0 sbc_flags=0x0 sbc_retires=0 blocks=0 block_size=0 blk_addr=0 data_flags=0x0 tag=0 can_retune=0 doing_retune=0 retune_now=0 need_retune=0 hold_retune=1 retune_period=0
          <idle>-0       [000] ..s.    40.650032: mmc_request_done: mmc1: end struct mmc_request[78b2d4c7]: cmd_opcode=52 cmd_err=0 cmd_resp=0x1040 0x0 0x0 0x0 cmd_retries=0 stop_opcode=0 stop_err=0 stop_resp=0x0 0x0 0x0 0x0 stop_retries=0 sbc_opcode=0 sbc_err=0 sbc_resp=0x0 0x0 0x0 0x0 sbc_retries=0 bytes_xfered=0 data_err=0 tag=0 can_retune=0 doing_retune=0 retune_now=0 need_retune=0 hold_retune=1 retune_period=0
     kworker/0:4-423     [000] ....    40.650045: mmc_request_start: mmc1: start struct mmc_request[78b2d4c7]: cmd_opcode=52 cmd_arg=0x80022200 cmd_flags=0x195 cmd_retries=0 stop_opcode=0 stop_arg=0x0 stop_flags=0x0 stop_retries=0 sbc_opcode=0 sbc_arg=0x0 sbc_flags=0x0 sbc_retires=0 blocks=0 block_size=0 blk_addr=0 data_flags=0x0 tag=0 can_retune=0 doing_retune=0 retune_now=0 need_retune=0 hold_retune=1 retune_period=0
          <idle>-0       [000] ..s.    40.650068: mmc_request_done: mmc1: end struct mmc_request[78b2d4c7]: cmd_opcode=52 cmd_err=0 cmd_resp=0x1000 0x0 0x0 0x0 cmd_retries=0 stop_opcode=0 stop_err=0 stop_resp=0x0 0x0 0x0 0x0 stop_retries=0 sbc_opcode=0 sbc_err=0 sbc_resp=0x0 0x0 0x0 0x0 sbc_retries=0 bytes_xfered=0 data_err=0 tag=0 can_retune=0 doing_retune=0 retune_now=0 need_retune=0 hold_retune=1 retune_period=0
     kworker/0:4-423     [000] ....    40.650500: io_write32: CONFIG: 00004600
     kworker/0:4-423     [000] ....    40.650577: io_read32: CONFIG: 02004600
     kworker/0:4-423     [000] ....    40.650663: io_write32: SET_GEN_R_W: 07208775
     kworker/0:4-423     [000] ....    40.650738: io_write32: SET_GEN_R_W: 082ec020
     kworker/0:4-423     [000] ....    40.651079: io_write32: SET_GEN_R_W: 093c3c3c
     kworker/0:4-423     [000] ....    40.651147: io_write32: SET_GEN_R_W: 0b322c44
     kworker/0:4-423     [000] ....    40.651207: io_write32: SET_GEN_R_W: 0ca06497
     kworker/0:4-423     [000] ....    40.651277: io_write32: CONTROL: 00001000
     kworker/0:4-423     [000] ....    40.651328: io_read32: CONTROL: 00001000
     kworker/0:4-423     [000] ....    40.651468: io_read32: CONTROL: 00001000
     kworker/0:4-423     [000] ....    40.651525: io_read32: CONTROL: 00001000
     kworker/0:4-423     [000] ....    40.651582: io_read32: CONTROL: 00001000
     kworker/0:4-423     [000] ....    40.651767: io_read32: CONTROL: 00001000
     kworker/0:4-423     [000] ....    40.651853: io_read32: CONTROL: 00001000
     kworker/0:4-423     [000] ....    40.651911: io_read32: CONTROL: 00001000
     kworker/0:4-423     [000] ....    40.652014: io_read32: CONTROL: 00001000
     kworker/0:4-423     [000] ....    40.652114: io_read32: CONTROL: 00001000
     kworker/0:4-423     [000] ....    40.652170: io_read32: CONTROL: 00001000
     kworker/0:4-423     [000] ....    40.652335: io_read32: CONTROL: 00001000
     kworker/0:4-423     [000] ....    40.652393: io_read32: CONTROL: 00001000
     kworker/0:4-423     [000] ....    40.652448: io_read32: CONTROL: 00001000
     kworker/0:4-423     [000] ....    40.652503: io_read32: CONTROL: 00001000
     kworker/0:4-423     [000] ....    40.652557: io_read32: CONTROL: 00001000
     kworker/0:4-423     [000] ....    40.652606: io_read32: CONTROL: 00001000
     kworker/0:4-423     [000] ....    40.652705: io_read32: CONTROL: 00001000
     kworker/0:4-423     [000] ....    40.652840: io_read32: CONTROL: 00001000
     kworker/0:4-423     [000] ....    40.652896: io_read32: CONTROL: 00001000
     kworker/0:4-423     [000] ....    40.652951: io_read32: CONTROL: 00001000
     kworker/0:4-423     [000] ....    40.653006: io_read32: CONTROL: 00001000
     kworker/0:4-423     [000] ....    40.653061: io_read32: CONTROL: 00001000
     kworker/0:4-423     [000] ....    40.653117: io_read32: CONTROL: 00001000
     kworker/0:4-423     [000] ....    40.653171: io_read32: CONTROL: 00001000
     kworker/0:4-423     [000] ....    40.653225: io_read32: CONTROL: 00001000
     kworker/0:4-423     [000] ....    40.653279: io_read32: CONTROL: 00001000
     kworker/0:4-423     [000] ....    40.653431: io_read32: CONTROL: 00001000
     kworker/0:4-423     [000] ....    40.653490: io_read32: CONTROL: 00003000
     kworker/0:4-423     [000] ....    40.653558: io_read32: CONFIG: 02004600
     kworker/0:4-423     [000] ....    40.653612: io_write32: CONFIG: 02000600
     kworker/0:4-423     [000] ....    40.653722: io_write32: SRAM/0900c00c: 87654321
     kworker/0:4-423     [000] ....    40.654134: io_read32: SRAM/0900c010: bd53ef99
     kworker/0:4-423     [000] ....    40.654424: io_read: SRAM/0900c084: 42 4c 5f 28 73 65 63 75 72 65 62 6f 6f 74 29 5f76 32 2e 30 62 30 00 00 00 00 00 00 00 00 00 00 ... (60 bytes)
     kworker/0:4-423     [000] ....    40.654684: io_read: SRAM/0900c0c0: 4d c9 63 9f fd 90 00 00 00 00 00 00 00 c0 31 f1 (16 bytes)
     kworker/0:4-423     [000] ....    40.655899: io_write32: SRAM/0900c00c: a753bd99
     kworker/0:4-423     [000] ....    40.656150: io_read32: SRAM/0900c010: bd53ef99
     kworker/0:4-423     [000] ....    40.656387: io_read32: SRAM/0900c010: bd53ef99
     kworker/0:4-423     [000] ....    40.656801: io_read32: SRAM/0900c010: 87654321
     kworker/0:4-423     [000] ....    40.656912: io_write32: SRAM/09004000: ffffffff
     kworker/0:4-423     [000] ....    40.657020: io_write: SRAM/0900c05c: 01 00 00 00 (4 bytes)
     kworker/0:4-423     [000] ....    40.657142: io_write: SRAM/0900c014: 54 db 0f bf 80 ab 1a 84 0b cb e1 62 1d 86 8d af36 f3 68 84 32 31 f5 d7 ac 48 cf f5 f6 4e 08 a8 ... (64 bytes)
     kworker/0:4-423     [000] ....    40.657252: io_write: SRAM/0900c054: 85 a7 6b f8 ed 52 3d 82 (8 bytes)
     kworker/0:4-423     [000] ....    40.657363: io_write32: SRAM/0900c000: 0004a800
     kworker/0:4-423     [000] ....    40.657487: io_write32: SRAM/0900c00c: abcddcba
     kworker/0:4-423     [000] ....    40.657731: io_read32: SRAM/0900c010: abcddcba
     kworker/0:4-423     [000] ....    40.657987: io_write: SRAM/09004000: 7c 97 4c 3c 74 04 e9 bc 12 b9 38 62 43 de 1e 1327 a5 28 03 24 41 90 f0 a1 e8 32 69 9c d4 47 02 ... (1024 bytes)
     kworker/0:4-423     [000] ....    40.658096: io_write32: SRAM/0900c004: 00000400
     kworker/0:4-423     [000] ....    40.658468: io_write: SRAM/09004400: 18 54 08 02 b3 87 59 96 34 93 7a 09 31 d6 99 a3ec e9 09 23 77 2b a0 12 61 9a 97 fe 9a dc e5 56 ... (1024 bytes)
     kworker/0:4-423     [000] ....    40.658573: io_write32: SRAM/0900c004: 00000800
     kworker/0:4-423     [000] ....    40.658806: io_write: SRAM/09004800: 34 6f d3 67 7b 3b da 7f 26 aa e7 96 01 6f ae c90f ab 08 47 32 3f a3 8c 11 f3 ec 5a c1 50 59 98 ... (1024 bytes)
     kworker/0:4-423     [000] ....    40.658932: io_write32: SRAM/0900c004: 00000c00
     kworker/0:4-423     [000] ....    40.659162: io_write: SRAM/09004c00: 4a 04 fc fd c4 0e 19 5e e0 1b dd b1 7e 3f 3c 8fef 71 95 1a 3c 53 50 85 a3 51 f5 11 5f c8 c5 48 ... (1024 bytes)
     kworker/0:4-423     [000] ....    40.659271: io_write32: SRAM/0900c004: 00001000

. . . FW download . . .

     kworker/0:4-423     [000] ....    40.804382: io_write32: SRAM/0900c004: 00049c00
     kworker/0:4-423     [000] ....    40.804664: io_write: SRAM/09005c00: 6b 6c 13 e3 3c 4b 09 66 36 75 ea 59 c2 83 a0 f38a aa 90 dd 22 f2 b6 76 2b 84 23 e2 b7 46 79 bd ... (1024 bytes)
     kworker/0:4-423     [000] ....    40.804774: io_write32: SRAM/0900c004: 0004a000
     kworker/0:4-423     [000] ....    40.805074: io_write: SRAM/09006000: 48 28 b3 bc bb 2d f5 16 76 aa e2 a2 68 87 eb 40e5 06 9d ef 3a 6b 28 f6 26 da be 7e 8e 32 22 b9 ... (1024 bytes)
     kworker/0:4-423     [000] ....    40.805196: io_write32: SRAM/0900c004: 0004a400
     kworker/0:4-423     [000] ....    40.805495: io_write: SRAM/09006400: 1f f0 61 fa 9f eb fc e6 1b e9 f4 81 4e 48 88 6db6 81 33 97 b1 10 aa 9e 21 de 5e e9 12 f9 eb 89 ... (1024 bytes)
     kworker/0:4-423     [000] ....    40.805686: io_write32: SRAM/0900c004: 0004a800
     kworker/0:4-423     [000] ....    40.805794: io_write32: SRAM/0900c00c: d4c64a99
     kworker/0:4-423     [000] ....    40.806045: io_read32: SRAM/0900c010: cafefeca
     kworker/0:4-423     [000] ....    40.806659: io_read32: SRAM/0900c010: cafefeca
     kworker/0:4-423     [000] ....    40.806904: io_read32: SRAM/0900c010: cafefeca
     kworker/0:4-423     [000] ....    40.807420: io_read32: SRAM/0900c010: cafefeca
     kworker/0:4-423     [000] ....    40.807662: io_read32: SRAM/0900c010: cafefeca
     kworker/0:4-423     [000] ....    40.807915: io_read32: SRAM/0900c010: cafefeca
     kworker/0:4-423     [000] ....    40.808514: io_read32: SRAM/0900c010: cafefeca
     kworker/0:4-423     [000] ....    40.809021: io_read32: SRAM/0900c010: cafefeca
     kworker/0:4-423     [000] ....    40.809274: io_read32: SRAM/0900c010: cafefeca
     kworker/0:4-423     [000] ....    40.809527: io_read32: SRAM/0900c010: cafefeca
     kworker/0:4-423     [000] ....    40.809862: io_read32: SRAM/0900c010: cafefeca
     kworker/0:4-423     [000] ....    40.810310: io_read32: SRAM/0900c010: cafefeca
     kworker/0:4-423     [000] ....    40.810556: io_read32: SRAM/0900c010: cafefeca
     kworker/0:4-423     [000] ....    40.811101: io_read32: SRAM/0900c010: cafefeca
     kworker/0:4-423     [000] ....    40.811351: io_read32: SRAM/0900c010: cafefeca
     kworker/0:4-423     [000] ....    40.811824: io_read32: SRAM/0900c010: d4c64a99
     kworker/0:4-423     [000] ....    40.811935: io_write32: SRAM/0900c00c: 174fc882
     kworker/0:4-423     [000] ....    40.812375: io_read32: CONFIG: 02000600
     kworker/0:4-423     [000] ....    40.812425: io_write32: CONFIG: 02010200
     kworker/0:4-423     [000] ....    40.812480: io_read32: CONTROL: 00003000
     kworker/0:4-423     [000] ....    40.812727: io_read32: CONTROL: 00003000
     kworker/0:4-423     [000] ....    40.813200: io_read32: CONTROL: 00003000
     kworker/0:4-423     [000] ....    40.813200: io_read32: CONTROL: 00003000
     kworker/0:4-423     [000] ....    40.813455: io_read32: CONTROL: 00003000
     kworker/0:4-423     [000] ....    40.813980: io_read32: CONTROL: 00007062
     kworker/0:4-423     [000] ....    40.814036: io_read32: CONTROL: 00007062
    kworker/0:3H-475     [000] ....    40.814166: io_read: QUEUE: c4 00 e1 00 00 00 00 00 02 10 57 46 32 30 30 5343 00 00 00 00 00 00 00 c0 01 0b 1c 00 1f 5d 04 ... (256 bytes)
    kworker/0:3H-475     [000] ....    40.814173: piggyback: CONTROL: 00003000
    kworker/0:3H-475     [000] ....    40.814176: hif_recv: 0:0:IND_STARTUP: 00 00 00 00 02 10 57 46 32 30 30 53 43 00 00 0000 00 00 00 c0 01 0b 1c 00 1f 5d 04 1e 00 50 0608 02 90 fd 9f 63 c9 4d 90 fd 9f 63 c9 4e 07 0302 00 00 00 01 0c 03 01 00 00 60 00 cf ff 3f 0057 46 32 30 30 5f 41 53 49 43 5f 57 46 4d 5f 284a 65 6e 6b 69 6e 73 29 5f 46 57 33 2e 31 32 2e31 00 00 00 00 00 00 00 00 00 00 00 00 00 00 0000 00 00 00 00 00 00 00 00 00 00 00 ... (196 bytes)
    kworker/0:3H-475     [000] ....    40.814242: io_read32: CONFIG: 02010200
    kworker/0:3H-475     [000] ....    40.826669: io_write: QUEUE: 13 00 09 04 0d 00 7b 61 3a 7b 61 3a 34 2c 62 3a31 7d 7d 00 (20 bytes)
    kworker/0:3H-475     [000] ....    40.826697: hif_send: 1:2:REQ_CONFIGURATION: 0d 00 7b 61 3a 7b 61 3a 34 2c 62 3a 31 7d 7d (19 bytes)
     kworker/0:4-423     [000] ....    40.829028: io_read32: CONTROL: 00003000
     kworker/0:4-423     [000] ....    40.829309: io_read32: CONTROL: 00003004
     kworker/0:4-423     [000] ....    40.829372: io_read32: CONTROL: 00003004
    kworker/0:3H-475     [000] ....    40.829459: io_read: QUEUE: 08 00 09 0c 00 00 00 00 3a 7b 00 30 (12 bytes)
    kworker/0:3H-475     [000] ....    40.829466: piggyback: CONTROL: 00003000
    kworker/0:3H-475     [000] ....    40.829470: hif_recv: 0:2:CNF_CONFIGURATION: 00 00 00 00 (8 bytes)
    kworker/0:3H-475     [000] ....    40.829573: io_read32: CONFIG: 02010200
    kworker/0:3H-475     [000] ....    40.829757: io_write: QUEUE: 43 01 09 0c 3d 01 7b 62 3a 7b 61 3a 7b 61 3a 342c 62 3a 30 2c 63 3a 30 2c 64 3a 30 2c 65 3a 41 ... (384 bytes)
    kworker/0:3H-475     [000] ....    40.829768: hif_send: 1:2:REQ_CONFIGURATION: 3d 01 7b 62 3a 7b 61 3a 7b 61 3a 34 2c 62 3a 302c 63 3a 30 2c 64 3a 30 2c 65 3a 41 7d 2c 62 3a7b 61 3a 34 2c 62 3a 30 2c 63 3a 30 2c 64 3a 302c 65 3a 42 7d 2c 63 3a 7b 61 3a 34 2c 62 3a 302c 63 3a 30 2c 64 3a 30 2c 65 3a 43 7d 2c 64 3a7b 61 3a 34 2c 62 3a 30 2c 63 3a 30 2c 64 3a 302c 65 3a 44 7d 2c 65 3a 7b 61 3a 34 2c 62 3a 302c 63 3a 30 2c 64 3a 30 2c 65 3a 45 ... (323 bytes)
     kworker/0:4-423     [000] ....    40.829888: io_read32: CONTROL: 00003000
     kworker/0:4-423     [000] ....    40.830168: io_read32: CONTROL: 00003000
     kworker/0:4-423     [000] ....    40.830575: io_read32: CONTROL: 00003000
     kworker/0:4-423     [000] ....    40.830864: io_read32: CONTROL: 00003000
     kworker/0:4-423     [000] ....    40.831149: io_read32: CONTROL: 00003000
     kworker/0:4-423     [000] ....    40.831433: io_read32: CONTROL: 00003004
     kworker/0:4-423     [000] ....    40.831497: io_read32: CONTROL: 00003004
    kworker/0:3H-475     [000] ....    40.831568: io_read: QUEUE: 08 00 09 14 00 00 00 00 3a 7b 00 30 (12 bytes)
    kworker/0:3H-475     [000] ....    40.831575: piggyback: CONTROL: 00003000
    kworker/0:3H-475     [000] ....    40.831576: hif_recv: 0:2:CNF_CONFIGURATION: 00 00 00 00 (8 bytes)
    kworker/0:3H-475     [000] ....    40.831668: io_read32: CONFIG: 02010200
    kworker/0:3H-475     [000] ....    40.831844: io_write: QUEUE: 3f 00 09 14 39 00 7b 63 3a 7b 61 3a 7b 61 3a 347d 2c 62 3a 7b 61 3a 36 7d 2c 63 3a 7b 61 3a 36 ... (64 bytes)
    kworker/0:3H-475     [000] ....    40.831851: hif_send: 1:2:REQ_CONFIGURATION: 39 00 7b 63 3a 7b 61 3a 7b 61 3a 34 7d 2c 62 3a7b 61 3a 36 7d 2c 63 3a 7b 61 3a 36 2c 63 3a 307d 2c 64 3a 7b 61 3a 36 7d 2c 65 3a 7b 61 3a 367d 2c 66 3a 7b 61 3a 36 7d 7d 7d (63 bytes)
     kworker/0:4-423     [000] ....    40.831903: io_read32: CONTROL: 00003000
     kworker/0:4-423     [000] ....    40.832183: io_read32: CONTROL: 00003004
     kworker/0:4-423     [000] ....    40.832325: io_read32: CONTROL: 00003004
    kworker/0:3H-475     [000] ....    40.832425: io_read: QUEUE: 08 00 09 1c 00 00 00 00 3a 7b 00 30 (12 bytes)
    kworker/0:3H-475     [000] ....    40.832435: piggyback: CONTROL: 00003000
    kworker/0:3H-475     [000] ....    40.832437: hif_recv: 0:2:CNF_CONFIGURATION: 00 00 00 00 (8 bytes)
    kworker/0:3H-475     [000] ....    40.832485: io_read32: CONFIG: 02010200
    kworker/0:3H-475     [000] ....    40.832702: io_write: QUEUE: 25 00 09 1c 1f 00 7b 65 3a 7b 61 3a 7b 61 3a 332c 62 3a 36 45 2c 63 3a 36 45 7d 2c 62 3a 30 2c ... (40 bytes)
    kworker/0:3H-475     [000] ....    40.832716: hif_send: 1:2:REQ_CONFIGURATION: 1f 00 7b 65 3a 7b 61 3a 7b 61 3a 33 2c 62 3a 3645 2c 63 3a 36 45 7d 2c 62 3a 30 2c 63 3a 30 7d7d (37 bytes)
     kworker/0:4-423     [000] ....    40.832768: io_read32: CONTROL: 00003000
     kworker/0:4-423     [000] ....    40.833062: io_read32: CONTROL: 00003004
     kworker/0:4-423     [000] ....    40.833203: io_read32: CONTROL: 00003004
    kworker/0:3H-475     [000] ....    40.833283: io_read: QUEUE: 08 00 09 24 00 00 00 00 3a 7b 00 30 (12 bytes)
    kworker/0:3H-475     [000] ....    40.833335: piggyback: CONTROL: 00003000
    kworker/0:3H-475     [000] ....    40.833339: hif_recv: 0:2:CNF_CONFIGURATION: 00 00 00 00 (8 bytes)
    kworker/0:3H-475     [000] ....    40.833388: io_read32: CONFIG: 02010200
    kworker/0:3H-475     [000] ....    40.833518: io_write: QUEUE: c2 00 09 24 bc 00 7b 68 3a 7b 65 3a 30 2c 61 3a35 30 2c 62 3a 30 2c 64 3a 30 2c 63 3a 5b 7b 61 ... (256 bytes)
    kworker/0:3H-475     [000] ....    40.833532: hif_send: 1:2:REQ_CONFIGURATION: bc 00 7b 68 3a 7b 65 3a 30 2c 61 3a 35 30 2c 623a 30 2c 64 3a 30 2c 63 3a 5b 7b 61 3a 31 2c 623a 5b 30 2c 30 2c 30 2c 30 2c 30 2c 30 5d 7d 2c7b 61 3a 32 2c 62 3a 5b 30 2c 30 2c 30 2c 30 2c30 2c 30 5d 7d 2c 7b 61 3a 5b 33 2c 39 5d 2c 623a 5b 30 2c 30 2c 30 2c 30 2c 30 2c 30 5d 7d 2c7b 61 3a 41 2c 62 3a 5b 30 2c 30 2c 30 2c 30 2c30 2c 30 5d 7d 2c 7b 61 3a 42 2c 62 ... (194 bytes)
     kworker/0:4-423     [000] ....    40.833651: io_read32: CONTROL: 00003000
     kworker/0:4-423     [000] ....    40.833909: io_read32: CONTROL: 00003000
     kworker/0:4-423     [000] ....    40.834277: io_read32: CONTROL: 00003000
     kworker/0:4-423     [000] ....    40.834551: io_read32: CONTROL: 00003004
     kworker/0:4-423     [000] ....    40.834603: io_read32: CONTROL: 00003004
    kworker/0:3H-475     [000] ....    40.834684: io_read: QUEUE: 08 00 09 2c 00 00 00 00 3a 7b 00 30 (12 bytes)
    kworker/0:3H-475     [000] ....    40.834694: piggyback: CONTROL: 00003000
    kworker/0:3H-475     [000] ....    40.834695: hif_recv: 0:2:CNF_CONFIGURATION: 00 00 00 00 (8 bytes)
    kworker/0:3H-475     [000] ....    40.834805: io_read32: CONFIG: 02010200
    kworker/0:3H-475     [000] ....    40.834928: io_write: QUEUE: 13 00 09 2c 0d 00 7b 6a 3a 7b 61 3a 30 2c 62 3a30 7d 7d 00 (20 bytes)
    kworker/0:3H-475     [000] ....    40.834938: hif_send: 1:2:REQ_CONFIGURATION: 0d 00 7b 6a 3a 7b 61 3a 30 2c 62 3a 30 7d 7d (19 bytes)
     kworker/0:4-423     [000] ....    40.835017: io_read32: CONTROL: 00003000
     kworker/0:4-423     [000] ....    40.835319: io_read32: CONTROL: 00003004
     kworker/0:4-423     [000] ....    40.835634: io_read32: CONTROL: 00003004
    kworker/0:3H-475     [000] ....    40.835711: io_read: QUEUE: 08 00 09 34 00 00 00 00 3a 7b 00 30 (12 bytes)
    kworker/0:3H-475     [000] ....    40.835720: piggyback: CONTROL: 00003000
    kworker/0:3H-475     [000] ....    40.835722: hif_recv: 0:2:CNF_CONFIGURATION: 00 00 00 00 (8 bytes)
    kworker/0:3H-475     [000] ....    40.835769: io_read32: CONFIG: 02010200
     kworker/0:4-423     [000] ....    40.835808: mmc_request_start: mmc1: start struct mmc_request[9def266b]: cmd_opcode=52 cmd_arg=0x800 cmd_flags=0x195 cmd_retries=0 stop_opcode=0 stop_arg=0x0 stop_flags=0x0 stop_retries=0 sbc_opcode=0 sbc_arg=0x0 sbc_flags=0x0 sbc_retires=0 blocks=0 block_size=0 blk_addr=0 data_flags=0x0 tag=0 can_retune=0 doing_retune=0 retune_now=0 need_retune=0 hold_retune=1 retune_period=0
     kworker/0:4-423     [000] ..s.    40.835828: mmc_request_done: mmc1: end struct mmc_request[9def266b]: cmd_opcode=52 cmd_err=0 cmd_resp=0x1000 0x0 0x0 0x0 cmd_retries=0 stop_opcode=0 stop_err=0 stop_resp=0x0 0x0 0x0 0x0 stop_retries=0 sbc_opcode=0 sbc_err=0 sbc_resp=0x0 0x0 0x0 0x0 sbc_retries=0 bytes_xfered=0 data_err=0 tag=0 can_retune=0 doing_retune=0 retune_now=0 need_retune=0 hold_retune=1 retune_period=0
     kworker/0:4-423     [000] ....    40.835839: mmc_request_start: mmc1: start struct mmc_request[9def266b]: cmd_opcode=52 cmd_arg=0x80000803 cmd_flags=0x195 cmd_retries=0 stop_opcode=0 stop_arg=0x0 stop_flags=0x0 stop_retries=0 sbc_opcode=0 sbc_arg=0x0 sbc_flags=0x0 sbc_retires=0 blocks=0 block_size=0 blk_addr=0 data_flags=0x0 tag=0 can_retune=0 doing_retune=0 retune_now=0 need_retune=0 hold_retune=1 retune_period=0
          <idle>-0       [000] ..s.    40.835876: mmc_request_done: mmc1: end struct mmc_request[9def266b]: cmd_opcode=52 cmd_err=0 cmd_resp=0x1003 0x0 0x0 0x0 cmd_retries=0 stop_opcode=0 stop_err=0 stop_resp=0x0 0x0 0x0 0x0 stop_retries=0 sbc_opcode=0 sbc_err=0 sbc_resp=0x0 0x0 0x0 0x0 sbc_retries=0 bytes_xfered=0 data_err=0 tag=0 can_retune=0 doing_retune=0 retune_now=0 need_retune=0 hold_retune=1 retune_period=0
    kworker/0:3H-475     [000] ....    40.836023: io_write: QUEUE: 0c 00 06 34 02 20 04 00 01 00 00 00 (12 bytes)
    kworker/0:3H-475     [000] ....    40.836029: hif_send: 1:2:REQ_WRITE_MIB/GL_SET_MULTI_MSG: 01 00 00 00 (12 bytes)
     kworker/0:1-31      [000] ....    40.836090: io_read32: CONTROL: 00003004
    kworker/0:3H-475     [000] ....    40.836182: io_read: QUEUE: 08 00 06 3c 00 00 00 00 01 00 00 30 (12 bytes)
    kworker/0:3H-475     [000] ....    40.836188: piggyback: CONTROL: 00003000
    kworker/0:3H-475     [000] ....    40.836189: hif_recv: 0:2:CNF_WRITE_MIB: 00 00 00 00 (8 bytes)
    kworker/0:3H-475     [000] ....    40.836271: io_read32: CONFIG: 02010200
     kworker/0:4-423     [000] ....    40.836343: io_write32: CONTROL: 00000000
